  [hist] feeds.bloomberg.com            3 pags,    60 itens,    5 novos, desde 2026-10-01
  [hist] feeds.bloomberg.com            3 pags,    60 itens,    0 novos, desde 2026-10-01
  [hist] feeds.bloomberg.com            3 pags,    60 itens,    0 novos, desde 2026-10-01
  [hist] feeds.bloomberg.com            3 pags,    60 itens,    0 novos, desde 2026-09-30
  [hist] search.cnbc.com                3 pags,    90 itens,    0 novos, desde 2026-09-11
  [hist] www.ft.com                     3 pags,    36 itens,    0 novos, desde 2026-10-02
  [hist] www.theguardian.com            3 pags,   120 itens,    0 novos, desde 2026-09-29
  [hist] www.economist.com              3 pags,   900 itens,    0 novos, desde 2025-12-01
  [hist] www.bloomberglinea.com.br      3 pags,   300 itens,    0 novos, desde 2026-08-12
  [hist] feeds.folha.uol.com.br         3 pags,   300 itens,    3 novos, desde 2026-10-01
  [hist] br.investing.com               1 pags,    10 itens,    1 novos, desde 2026-10-02
  [hist] observador.pt                  3 pags,   153 itens,    5 novos, desde 2026-10-02
  [hist] www.jornaldenegocios.pt        4 pags,    80 itens,    0 novos, desde 2026-10-02
  [hist] www.handelsblatt.com           3 pags,   150 itens,    0 novos, desde 2026-10-02
  [hist] services.lesechos.fr           3 pags,    60 itens,    0 novos, desde 2026-10-01
  [hist] pox.globo.com                  3 pags,   300 itens,    2 novos, desde 2026-10-02
  [hist] pox.globo.com                  3 pags,   300 itens,    0 novos, desde 2026-09-30
  [hist] www.infomoney.com.br           3 pags,    30 itens,    1 novos, desde 2026-10-02
  [hist] braziljournal.com              3 pags,    30 itens,   13 novos, desde 2026-09-29
  [hist] exame.com                      3 pags,    75 itens,    0 novos, desde 2026-10-02
  [hist] www.moneytimes.com.br          3 pags,    30 itens,    0 novos, desde 2026-10-02
  [hist] www.seudinheiro.com            3 pags,    30 itens,    3 novos, desde 2026-10-01
  [hist] www.suno.com.br                3 pags,    30 itens,    5 novos, desde 2026-10-01
=> 38 artigos historicos novos
