  [hist] feeds.bloomberg.com            4 pags,    80 itens,    0 novos, desde 2026-10-01
  [hist] feeds.bloomberg.com            4 pags,    80 itens,    0 novos, desde 2026-10-01
  [hist] feeds.bloomberg.com            4 pags,    80 itens,    0 novos, desde 2026-10-01
  [hist] feeds.bloomberg.com            4 pags,    80 itens,    0 novos, desde 2026-09-30
  [hist] search.cnbc.com                4 pags,   120 itens,    0 novos, desde 2026-09-11
  [hist] www.ft.com                     3 pags,    36 itens,    0 novos, desde 2026-10-02
  [hist] www.theguardian.com            4 pags,   160 itens,    0 novos, desde 2026-09-29
  [hist] www.economist.com              4 pags,  1200 itens,    0 novos, desde 2025-12-01
  [hist] www.bloomberglinea.com.br      4 pags,   400 itens,    0 novos, desde 2026-08-12
  [hist] feeds.folha.uol.com.br         4 pags,   400 itens,    0 novos, desde 2026-10-01
  [hist] br.investing.com               4 pags,    40 itens,    0 novos, desde 2026-10-02
  [hist] observador.pt                  7 pags,   357 itens,    0 novos, desde 2026-10-02
  [hist] www.jornaldenegocios.pt        4 pags,    80 itens,    0 novos, desde 2026-10-02
  [hist] www.handelsblatt.com           4 pags,   200 itens,    0 novos, desde 2026-10-02
  [hist] services.lesechos.fr           4 pags,    80 itens,    0 novos, desde 2026-10-01
  [hist] pox.globo.com                  4 pags,   400 itens,    0 novos, desde 2026-10-02
  [hist] pox.globo.com                  4 pags,   400 itens,    0 novos, desde 2026-09-30
  [hist] www.infomoney.com.br         150 pags,  1500 itens, 1412 novos, desde 2026-09-22
  [hist] braziljournal.com            150 pags,  1500 itens, 1470 novos, desde 2025-11-25
  [hist] exame.com                      4 pags,   100 itens,    0 novos, desde 2026-10-02
  [hist] www.moneytimes.com.br        150 pags,  1500 itens, 1420 novos, desde 2026-09-15
  [hist] www.seudinheiro.com          150 pags,  1500 itens, 1470 novos, desde 2026-07-24
  [hist] www.suno.com.br              150 pags,  1500 itens, 1470 novos, desde 2026-06-10
=> 7242 artigos historicos novos
