n fora da amostra: 20420   taxa-base: 19.8 em 100

=== confiabilidade por decil ===
decil    previsto  realizado            IC95      n    erro
  1          15.3       14.6   [13.1, 16.2]   2042    -0.7
  2          16.8       15.4   [13.9, 17.1]   2042    -1.4
  3          17.7       16.0   [14.4, 17.6]   2042    -1.7   FORA
  4          18.6       17.3   [15.8, 19.0]   2042    -1.3
  5          19.5       16.8   [15.2, 18.5]   2042    -2.7   FORA
  6          20.5       17.2   [15.7, 18.9]   2042    -3.3   FORA
  7          21.8       20.0   [18.4, 21.8]   2042    -1.8
  8          23.5       21.0   [19.3, 22.8]   2042    -2.5   FORA
  9          26.4       24.8   [23.0, 26.7]   2042    -1.6
  10         35.8       34.7   [32.6, 36.8]   2042    -1.1

  erro de calibracao medio (ECE): 1.81 pontos

=== ganho sobre o chute ===
faixa apontada              acertos/100  ganho pp   x base
  5% mais agitados                38.0     +18.2    1.92x
  10% mais agitados               34.7     +14.9    1.75x
  20% mais agitados               29.7      +9.9    1.50x
  metade mais agitada             23.5      +3.8    1.19x

=== ganho AGREGADO ===
se voce acompanha           com o sistema  no acaso    ganho
  os 2% do topo                     44.0      19.8    +24.2
  os 5% do topo                     38.0      19.8    +18.2
  os 10% do topo                    34.7      19.8    +14.9
  os 25% do topo                    27.8      19.8     +8.0
