
====================================================================================================
DIARIO  (tabela `prices`)
====================================================================================================
calendario observado: 2492 pregoes, 2016-10-03 a 2026-10-02

papel    primeira    ultima        barras  esperadas  lacunas  maior buraco  parou ha
ABEV3    2016-10-03  2026-10-02      2492       2492        0             0         0
B3SA3    2016-10-03  2026-10-02      2492       2492        0             0         0
BBAS3    2016-10-03  2026-10-02      2492       2492        0             0         0
BBDC4    2016-10-03  2026-10-02      2492       2492        0             0         0
ITUB4    2016-10-03  2026-10-02      2492       2492        0             0         0
MGLU3    2016-10-03  2026-10-02      2492       2492        0             0         0
PETR4    2016-10-03  2026-10-02      2492       2492        0             0         0
SUZB3    2016-10-03  2026-10-02      2492       2492        0             0         0
VALE3    2016-10-03  2026-10-02      2492       2492        0             0         0
WEGE3    2016-10-03  2026-10-02      2492       2492        0             0         0

TOTAL                               24920      24920        0

'esperadas' = pregoes entre a primeira e a ultima barra DESTE papel,
contados pelo calendario observado (uniao das datas de todos).
'lacunas' = esperadas - barras. Pode ser iliquidez ou falha de coleta.
'parou ha' = pregoes desde a ultima barra ate o fim do calendario.

====================================================================================================
INTRADIARIO 1m  (tabela `intraday`)
====================================================================================================
papel    primeira    ultima        barras
ABEV3    2026-09-28  2026-10-02      2025
B3SA3    2026-09-28  2026-10-02      2022
BBAS3    2026-09-28  2026-10-02      2028
BBDC4    2026-09-28  2026-10-02      2016
BRENT    2026-09-28  2026-10-02      5669
DXY      2026-09-28  2026-10-02      6294
ITUB4    2026-09-28  2026-10-02      2016
MGLU3    2026-09-28  2026-10-02      2010
PETR4    2026-09-28  2026-10-02      2016
SUZB3    2026-09-28  2026-10-02      2024
USDBRL   2026-09-27  2026-10-02      2841
VALE3    2026-09-28  2026-10-02      2035
WEGE3    2026-09-28  2026-10-02      2026

TOTAL                               35022   em 13 simbolos

====================================================================================================
INTRADIARIO 5m  (tabela `intraday`)
====================================================================================================
papel    primeira    ultima        barras
ABEV3    2026-09-02  2026-10-02      1737
B3SA3    2026-09-02  2026-10-02      1728
BBAS3    2026-09-02  2026-10-02      1737
BBDC4    2026-09-02  2026-10-02      1736
BRENT    2026-09-02  2026-10-02      5551
ITUB4    2026-09-02  2026-10-02      1731
MGLU3    2026-09-02  2026-10-02      1725
PETR4    2026-09-02  2026-10-02      1736
SUZB3    2026-09-02  2026-10-02      1735
USDBRL   2026-09-02  2026-10-02      2811
VALE3    2026-09-02  2026-10-02      1738
WEGE3    2026-09-02  2026-10-02      1733

TOTAL                               25698   em 12 simbolos

====================================================================================================
INTRADIARIO 15m  (tabela `intraday`)
====================================================================================================
papel    primeira    ultima        barras
ABEV3    2026-09-03  2026-10-02       589
B3SA3    2026-09-03  2026-10-02       589
BBAS3    2026-09-03  2026-10-02       589
BBDC4    2026-09-03  2026-10-02       589
BRENT    2026-09-04  2026-10-02      1781
DXY      2026-09-04  2026-10-02      1775
ITUB4    2026-09-03  2026-10-02       589
MGLU3    2026-09-03  2026-10-02       589
PETR4    2026-09-03  2026-10-02       589
SUZB3    2026-09-03  2026-10-02       589
USDBRL   2026-09-03  2026-10-02      1142
VALE3    2026-09-03  2026-10-02       589
WEGE3    2026-09-03  2026-10-02       589

TOTAL                               10588   em 13 simbolos

====================================================================================================
INTRADIARIO 1h  (tabela `intraday`)
====================================================================================================
papel    primeira    ultima        barras
ABEV3    2024-10-02  2026-10-02      3472
B3SA3    2024-10-02  2026-10-02      3472
BBAS3    2024-10-02  2026-10-02      3472
BBDC4    2024-10-02  2026-10-02      3472
BRENT    2024-10-02  2026-10-02     11410
ITUB4    2024-10-02  2026-10-02      3472
MGLU3    2024-10-02  2026-10-02      3472
PETR4    2024-10-02  2026-10-02      3472
SUZB3    2024-10-02  2026-10-02      3472
USDBRL   2024-10-02  2026-10-02      8618
VALE3    2024-10-02  2026-10-02      3471
WEGE3    2024-10-02  2026-10-02      3472

TOTAL                               54747   em 12 simbolos

====================================================================================================
PAPEIS DA WATCHLIST SEM PRECO NENHUM
====================================================================================================
  nenhum

-> data/diag_precos.csv
